// Jest Snapshot v1, https://goo.gl/fbAQLP

exports[`ItemDetails component renders ItemDetails 1`] = `
<DocumentFragment>
  <div
    class="ItemDetails"
  >
    <img />
    <div
      class="details"
    >
      <p>
        Quote: 
      </p>
      <p>
        Personality: 
      </p>
      <p>
        Birthday: 
      </p>
      <p>
        Species: 
      </p>
      <p>
        Phrase: 
      </p>
    </div>
  </div>
</DocumentFragment>
`;
